---
source: tests/parser/main.rs
description: "// Input file:\nlibsl \"1.0.0\";\n\nlibrary decl_function_unknown_modifier;\n\nfoobar fun wrong_modifier();\n"
input_file: tests/parser/test-data/decl-function-unknown-modifier.libsl
---
Err("encountered a syntax error at L5:0: unknown modifier `foobar`")
